{
  "version": "1.5.0",
  "plugins_used": [
    {
      "name": "ArtifactoryDetector"
    },
    {
      "name": "AWSKeyDetector"
    },
    {
      "name": "AzureStorageKeyDetector"
    },
    {
      "name": "Base64HighEntropyString",
      "limit": 4.5
    },
    {
      "name": "BasicAuthDetector"
    },
    {
      "name": "CloudantDetector"
    },
    {
      "name": "DiscordBotTokenDetector"
    },
    {
      "name": "GitHubTokenDetector"
    },
    {
      "name": "GitLabTokenDetector"
    },
    {
      "name": "HexHighEntropyString",
      "limit": 3.0
    },
    {
      "name": "IbmCloudIamDetector"
    },
    {
      "name": "IbmCosHmacDetector"
    },
    {
      "name": "IPPublicDetector"
    },
    {
      "name": "JwtTokenDetector"
    },
    {
      "name": "KeywordDetector",
      "keyword_exclude": ""
    },
    {
      "name": "MailchimpDetector"
    },
    {
      "name": "NpmDetector"
    },
    {
      "name": "OpenAIDetector"
    },
    {
      "name": "PrivateKeyDetector"
    },
    {
      "name": "PypiTokenDetector"
    },
    {
      "name": "SendGridDetector"
    },
    {
      "name": "SlackDetector"
    },
    {
      "name": "SoftlayerDetector"
    },
    {
      "name": "SquareOAuthDetector"
    },
    {
      "name": "StripeDetector"
    },
    {
      "name": "TelegramBotTokenDetector"
    },
    {
      "name": "TwilioKeyDetector"
    }
  ],
  "filters_used": [
    {
      "path": "detect_secrets.filters.allowlist.is_line_allowlisted"
    },
    {
      "path": "detect_secrets.filters.common.is_baseline_file",
      "filename": ".secrets.baseline"
    },
    {
      "path": "detect_secrets.filters.common.is_ignored_due_to_verification_policies",
      "min_level": 2
    },
    {
      "path": "detect_secrets.filters.heuristic.is_indirect_reference"
    },
    {
      "path": "detect_secrets.filters.heuristic.is_likely_id_string"
    },
    {
      "path": "detect_secrets.filters.heuristic.is_lock_file"
    },
    {
      "path": "detect_secrets.filters.heuristic.is_not_alphanumeric_string"
    },
    {
      "path": "detect_secrets.filters.heuristic.is_potential_uuid"
    },
    {
      "path": "detect_secrets.filters.heuristic.is_prefixed_with_dollar_sign"
    },
    {
      "path": "detect_secrets.filters.heuristic.is_sequential_string"
    },
    {
      "path": "detect_secrets.filters.heuristic.is_swagger_file"
    },
    {
      "path": "detect_secrets.filters.heuristic.is_templated_secret"
    }
  ],
  "results": {
    "backend/alembic/versions/7f3c9a1b2d4e_users_and_sessions.py": [
      {
        "type": "Hex High Entropy String",
        "filename": "backend/alembic/versions/7f3c9a1b2d4e_users_and_sessions.py",
        "hashed_secret": "c1f81c80e6944fb20827dc9e58982532acde130b",
        "is_verified": false,
        "line_number": 15
      }
    ],
    "backend/tests/api/conftest.py": [
      {
        "type": "Secret Keyword",
        "filename": "backend/tests/api/conftest.py",
        "hashed_secret": "a79425d5dfc9cb6e5ed85fa44bf4d63d73e6a5b8",
        "is_verified": false,
        "line_number": 23
      }
    ],
    "backend/tests/api/test_auth_api.py": [
      {
        "type": "Secret Keyword",
        "filename": "backend/tests/api/test_auth_api.py",
        "hashed_secret": "c89fec3a8d24802fce5d67bab6487406047d78b5",
        "is_verified": false,
        "line_number": 43
      },
      {
        "type": "Secret Keyword",
        "filename": "backend/tests/api/test_auth_api.py",
        "hashed_secret": "5a56871736e1022dab7a339d06e627b8ddefb278",
        "is_verified": false,
        "line_number": 52
      }
    ],
    "backend/tests/api/test_rbac_api.py": [
      {
        "type": "Secret Keyword",
        "filename": "backend/tests/api/test_rbac_api.py",
        "hashed_secret": "67be5a39d5eb3795ecbe86e5e8dce5e843d721f6",
        "is_verified": false,
        "line_number": 66
      },
      {
        "type": "Secret Keyword",
        "filename": "backend/tests/api/test_rbac_api.py",
        "hashed_secret": "a0f4ea7d91495df92bbac2e2149dfb850fe81396",
        "is_verified": false,
        "line_number": 89
      },
      {
        "type": "Secret Keyword",
        "filename": "backend/tests/api/test_rbac_api.py",
        "hashed_secret": "563823f6a7b18ecea814c4a22e45f544a0a546b1",
        "is_verified": false,
        "line_number": 98
      }
    ],
    "backend/tests/integration/test_auth_repositories.py": [
      {
        "type": "Secret Keyword",
        "filename": "backend/tests/integration/test_auth_repositories.py",
        "hashed_secret": "402d956059978b8fb2c3555298d4f47c96741d25",
        "is_verified": false,
        "line_number": 13
      },
      {
        "type": "Secret Keyword",
        "filename": "backend/tests/integration/test_auth_repositories.py",
        "hashed_secret": "03b4d4ce71ab8487c4b351d066bef9693c01b02c",
        "is_verified": false,
        "line_number": 17
      },
      {
        "type": "Secret Keyword",
        "filename": "backend/tests/integration/test_auth_repositories.py",
        "hashed_secret": "91e99ca1d3c409faf3b6eee63e199522a24de8b7",
        "is_verified": false,
        "line_number": 45
      }
    ],
    "backend/tests/integration/test_docker_executor.py": [
      {
        "type": "Secret Keyword",
        "filename": "backend/tests/integration/test_docker_executor.py",
        "hashed_secret": "61f8c4624338c9f1c8e644d7c53aef4da49ff1e3",
        "is_verified": false,
        "line_number": 166
      }
    ],
    "backend/tests/unit/test_auth_service.py": [
      {
        "type": "Secret Keyword",
        "filename": "backend/tests/unit/test_auth_service.py",
        "hashed_secret": "d81c1ba59ab8861d71457a44e84de2c1a9f9bc73",
        "is_verified": false,
        "line_number": 15
      }
    ],
    "backend/tests/unit/test_docker_executor.py": [
      {
        "type": "Secret Keyword",
        "filename": "backend/tests/unit/test_docker_executor.py",
        "hashed_secret": "25ab86bed149ca6ca9c1c0d5db7c9a91388ddeab",
        "is_verified": false,
        "line_number": 144
      }
    ],
    "backend/tests/unit/test_env_var_service.py": [
      {
        "type": "Secret Keyword",
        "filename": "backend/tests/unit/test_env_var_service.py",
        "hashed_secret": "b790cfebf1cd30713edcddc5153b87812a42f55f",
        "is_verified": false,
        "line_number": 214
      }
    ],
    "backend/tests/unit/test_password_service.py": [
      {
        "type": "Secret Keyword",
        "filename": "backend/tests/unit/test_password_service.py",
        "hashed_secret": "98decc62ece399a22ed30d490ef333be7fde7385",
        "is_verified": false,
        "line_number": 18
      }
    ],
    "backend/tests/unit/test_rbac.py": [
      {
        "type": "Secret Keyword",
        "filename": "backend/tests/unit/test_rbac.py",
        "hashed_secret": "2346ad27d7568ba9896f1b7da6b5991251debdf2",
        "is_verified": false,
        "line_number": 16
      }
    ],
    "backend/tests/unit/test_user_session_entities.py": [
      {
        "type": "Secret Keyword",
        "filename": "backend/tests/unit/test_user_session_entities.py",
        "hashed_secret": "2346ad27d7568ba9896f1b7da6b5991251debdf2",
        "is_verified": false,
        "line_number": 21
      }
    ]
  },
  "generated_at": "2026-07-26T00:37:30Z"
}
